Microchip MPLAB XC8 Compiler V2.32

Linker command line:

-W-3 --edf=C:\Program Files\Microchip\xc8\v2.32\pic\dat\en_msgs.txt -cn \
  -h+dist/default/production\D2_I2C_Master.X.production.sym \
  --cmf=dist/default/production\D2_I2C_Master.X.production.cmf -z -Q16F887 \
  -oC:\Users\fjltu\AppData\Local\Temp\xcAsh98.4 --defsym=__MPLAB_BUILD=1 \
  -Mdist/default/production/D2_I2C_Master.X.production.map -E1 \
  -ver=XC8 Compiler --acfsm=1493 -ASTACK=0110h-016Fh -pstack=STACK \
  -ACODE=00h-07FFhx4 -ASTRCODE=00h-01FFFh -ASTRING=00h-0FFhx32 \
  -ACONST=00h-0FFhx32 -AENTRY=00h-0FFhx32 -ACOMMON=070h-07Fh \
  -ABANK0=020h-06Fh -ABANK1=0A0h-0EFh -ABANK2=0110h-016Fh \
  -ABANK3=0190h-01EFh -ARAM=020h-06Fh,0A0h-0EFh,0110h-016Fh,0190h-01EFh \
  -AABS1=020h-07Fh,0A0h-0EFh,0110h-016Fh,0190h-01EFh -ASFR0=00h-01Fh \
  -ASFR1=080h-09Fh -ASFR2=0100h-010Fh -ASFR3=0180h-018Fh \
  -ACONFIG=02007h-02008h -DCONFIG=2 -AIDLOC=02000h-02003h -DIDLOC=2 \
  -AEEDATA=00h-0FFh/02100h -peeprom_data=EEDATA -DEEDATA=2 -DCODE=2 \
  -DSTRCODE=2 -DSTRING=2 -DCONST=2 -DENTRY=2 \
  -preset_vec=00h,intentry=04h,init,end_init -ppowerup=CODE -pcinit=CODE \
  -pfunctab=ENTRY -k C:\Users\fjltu\AppData\Local\Temp\xcAsh98.o \
  dist/default/production\D2_I2C_Master.X.production.o 

Object code version is 3.11

Machine type is 16F887



                Name                               Link     Load   Length Selector   Space Scale
C:\Users\fjltu\AppData\Local\Temp\xcAsh98.o
                end_init                              C        C        3        8       0
                reset_vec                             0        0        3        0       0
                config                             2007     2007        2        0       4
dist/default/production\D2_I2C_Master.X.production.o
                cinit                                 F        F       18        8       0
                intentry                              4        4        8        8       0
                config                             2007     2007        2        0       4
                text27                              448      448       12        8       0
                text26                              4EE      4EE        3        8       0
                text25                              45A      45A       11        8       0
                text24                              4E7      4E7        7        8       0
                text23                              4B7      4B7        C        8       0
                text22                              4DF      4DF        8        8       0
                text21                              46B      46B        E        8       0
                text20                              149      149       69        8       0
                text19                              210      210       59        8       0
                text18                              2B5      2B5       46        8       0
                text17                              338      338       3A        8       0
                text16                              1B2      1B2       5E        8       0
                text15                              421      421       14        8       0
                text14                              486      486        D        8       0
                text13                              3EA      3EA       1E        8       0
                text12                              4D6      4D6        9        8       0
                text11                              4CD      4CD        9        8       0
                text10                              4C3      4C3        A        8       0
                text9                               4AB      4AB        C        8       0
                text8                               49F      49F        C        8       0
                text7                               269      269       4C        8       0
                text6                               479      479        D        8       0
                text5                               3CB      3CB       1F        8       0
                text4                               408      408       19        8       0
                text3                               493      493        C        8       0
                text2                               372      372       2D        8       0
                text1                               2FB      2FB       3D        8       0
                maintext                             27       27      122        8       0
                cstackBANK0                          4C       4C       1C       20       1
                cstackCOMMON                         70       70        A       70       1
                inittext                            435      435       13        8       0
                dataBANK0                            20       20       2C       20       1
                bssBANK0                             68       68        5       20       1
                bssCOMMON                            7A       7A        1       70       1
                nvBANK0                              6D       6D        1       20       1
                idataBANK0                          39F      39F       2C        8       0

TOTAL           Name                               Link     Load   Length     Space
        CLASS   STACK          

        CLASS   CODE           
                end_init                              C        C        3         0
                cinit                                 F        F       18         0
                intentry                              4        4        8         0
                reset_vec                             0        0        3         0
                text27                              448      448       12         0
                text26                              4EE      4EE        3         0
                text25                              45A      45A       11         0
                text24                              4E7      4E7        7         0
                text23                              4B7      4B7        C         0
                text22                              4DF      4DF        8         0
                text21                              46B      46B        E         0
                text20                              149      149       69         0
                text19                              210      210       59         0
                text18                              2B5      2B5       46         0
                text17                              338      338       3A         0
                text16                              1B2      1B2       5E         0
                text15                              421      421       14         0
                text14                              486      486        D         0
                text13                              3EA      3EA       1E         0
                text12                              4D6      4D6        9         0
                text11                              4CD      4CD        9         0
                text10                              4C3      4C3        A         0
                text9                               4AB      4AB        C         0
                text8                               49F      49F        C         0
                text7                               269      269       4C         0
                text6                               479      479        D         0
                text5                               3CB      3CB       1F         0
                text4                               408      408       19         0
                text3                               493      493        C         0
                text2                               372      372       2D         0
                text1                               2FB      2FB       3D         0
                maintext                             27       27      122         0
                inittext                            435      435       13         0
                idataBANK0                          39F      39F       2C         0

        CLASS   STRCODE        

        CLASS   STRING         

        CLASS   CONST          

        CLASS   ENTRY          

        CLASS   COMMON         
                cstackCOMMON                         70       70        A         1
                bssCOMMON                            7A       7A        1         1

        CLASS   BANK0          
                cstackBANK0                          4C       4C       1C         1
                dataBANK0                            20       20       2C         1
                bssBANK0                             68       68        5         1
                nvBANK0                              6D       6D        1         1

        CLASS   BANK1          

        CLASS   BANK2          

        CLASS   BANK3          

        CLASS   RAM            

        CLASS   ABS1           
                abs_s1                               7E       7E        2         1

        CLASS   SFR0           

        CLASS   SFR1           

        CLASS   SFR2           

        CLASS   SFR3           

        CLASS   CONFIG         
                config                             2007     2007        2         4

        CLASS   IDLOC          

        CLASS   EEDATA         



SEGMENTS        Name                           Load    Length   Top    Selector   Space  Class     Delta

                reset_vec                      000000  000003  000003         0       0  CODE        2
                intentry                       000004  0004ED  0004F1         8       0  CODE        2
                dataBANK0                      000020  00004E  00006E        20       1  BANK0       1
                cstackCOMMON                   000070  00000B  00007B        70       1  COMMON      1


UNUSED ADDRESS RANGES

        Name                Unused          Largest block    Delta
        BANK0            006E-006F              2           1
        BANK1            00A0-00EF             50           1
        BANK2            0110-016F             60           1
        BANK3            0190-01EF             60           1
        CODE             0003-0003              1           2
                         04F1-1FFF            800
        COMMON           007B-007D              3           1
        CONST            0003-0003              1           2
                         04F1-1FFF            100
        EEDATA           2100-21FF            100           2
        ENTRY            0003-0003              1           2
                         04F1-1FFF            100
        IDLOC            2000-2003              4           2
        RAM              006E-006F              2           1
                         00A0-00EF             50
                         0110-016F             60
                         0190-01EF             60
        SFR0             0000-001F             20           1
        SFR1             0080-009F             20           1
        SFR2             0100-010F             10           1
        SFR3             0180-018F             10           1
        STACK            0110-016F             60           1
        STRCODE          0003-0003              1           2
                         04F1-1FFF           1B0F
        STRING           0003-0003              1           2
                         04F1-1FFF            100

                                  Symbol Table

?___awdiv                   cstackCOMMON 0073
?___awmod                   cstackCOMMON 0073
?___lwdiv                   cstackCOMMON 0073
?___lwmod                   cstackCOMMON 0073
?_strlen                    cstackCOMMON 0073
_ANSEL                      (abs)        0188
_ANSELH                     (abs)        0189
_BAUDCTLbits                (abs)        0187
_INTCONbits                 (abs)        000B
_OSCCONbits                 (abs)        008F
_PIE1bits                   (abs)        008C
_PIR1bits                   (abs)        000C
_PORTA                      (abs)        0005
_PORTC                      (abs)        0007
_PORTCbits                  (abs)        0007
_PORTE                      (abs)        0009
_RCREG                      (abs)        001A
_RCSTAbits                  (abs)        0018
_SPBRG                      (abs)        0099
_SPBRGH                     (abs)        009A
_SSPADD                     (abs)        0093
_SSPBUF                     (abs)        0013
_SSPCON2                    (abs)        0091
_SSPCON2bits                (abs)        0091
_SSPCONbits                 (abs)        0014
_SSPSTAT                    (abs)        0094
_SSPSTATbits                (abs)        0094
_TRISA                      (abs)        0085
_TRISC                      (abs)        0087
_TRISCbits                  (abs)        0087
_TRISE                      (abs)        0089
_TXREG                      (abs)        0019
_TXSTAbits                  (abs)        0098
__Habs1                     abs1         0000
__Hbank0                    bank0        0000
__Hbank1                    bank1        0000
__Hbank2                    bank2        0000
__Hbank3                    bank3        0000
__HbssBANK0                 bssBANK0     0000
__HbssCOMMON                bssCOMMON    0000
__Hcinit                    cinit        0027
__Hclrtext                  clrtext      0000
__Hcode                     code         0000
__Hcommon                   common       0000
__Hconfig                   config       2009
__HcstackBANK0              cstackBANK0  0000
__HcstackCOMMON             cstackCOMMON 0000
__HdataBANK0                dataBANK0    0000
__Heeprom_data              eeprom_data  0000
__Hend_init                 end_init     000F
__Hfunctab                  functab      0000
__HidataBANK0               idataBANK0   0000
__Hinit                     init         000C
__Hinittext                 inittext     0000
__Hintentry                 intentry     000C
__Hmaintext                 maintext     0000
__HnvBANK0                  nvBANK0      0000
__Hpowerup                  powerup      0000
__Hram                      ram          0000
__Hreset_vec                reset_vec    0003
__Hsfr0                     sfr0         0000
__Hsfr1                     sfr1         0000
__Hsfr2                     sfr2         0000
__Hsfr3                     sfr3         0000
__Hspace_0                  (abs)        04F1
__Hspace_1                  (abs)        007B
__Hspace_2                  (abs)        0000
__Hspace_3                  (abs)        0000
__Hspace_4                  (abs)        4010
__Hstack                    stack        0000
__Hstrings                  strings      0000
__Htext                     text         0000
__Labs1                     abs1         0000
__Lbank0                    bank0        0000
__Lbank1                    bank1        0000
__Lbank2                    bank2        0000
__Lbank3                    bank3        0000
__LbssBANK0                 bssBANK0     0000
__LbssCOMMON                bssCOMMON    0000
__Lcinit                    cinit        000F
__Lclrtext                  clrtext      0000
__Lcode                     code         0000
__Lcommon                   common       0000
__Lconfig                   config       0000
__LcstackBANK0              cstackBANK0  0000
__LcstackCOMMON             cstackCOMMON 0000
__LdataBANK0                dataBANK0    0000
__Leeprom_data              eeprom_data  0000
__Lend_init                 end_init     000C
__Lfunctab                  functab      0000
__LidataBANK0               idataBANK0   0000
__Linit                     init         000C
__Linittext                 inittext     0000
__Lintentry                 intentry     0004
__Lmaintext                 maintext     0000
__LnvBANK0                  nvBANK0      0000
__Lpowerup                  powerup      0000
__Lram                      ram          0000
__Lreset_vec                reset_vec    0000
__Lsfr0                     sfr0         0000
__Lsfr1                     sfr1         0000
__Lsfr2                     sfr2         0000
__Lsfr3                     sfr3         0000
__Lspace_0                  (abs)        0000
__Lspace_1                  (abs)        0000
__Lspace_2                  (abs)        0000
__Lspace_3                  (abs)        0000
__Lspace_4                  (abs)        0000
__Lstack                    stack        0000
__Lstrings                  strings      0000
__Ltext                     text         0000
__S0                        (abs)        04F1
__S1                        (abs)        007B
__S2                        (abs)        0000
__S3                        (abs)        0000
___awdiv                    text20       0149
___awdiv@counter            cstackBANK0  004C
___awdiv@dividend           cstackCOMMON 0075
___awdiv@divisor            cstackCOMMON 0073
___awdiv@quotient           cstackBANK0  004E
___awdiv@sign               cstackBANK0  004D
___awmod                    text19       0210
___awmod@counter            cstackCOMMON 0078
___awmod@dividend           cstackCOMMON 0075
___awmod@divisor            cstackCOMMON 0073
___awmod@sign               cstackCOMMON 0079
___int_sp                   stack        0000
___latbits                  (abs)        0002
___lwdiv                    text18       02B5
___lwdiv@counter            cstackBANK0  004C
___lwdiv@dividend           cstackCOMMON 0075
___lwdiv@divisor            cstackCOMMON 0073
___lwdiv@quotient           cstackBANK0  004D
___lwmod                    text17       0338
___lwmod@counter            cstackCOMMON 0078
___lwmod@dividend           cstackCOMMON 0075
___lwmod@divisor            cstackCOMMON 0073
___sp                       stack        0000
___stackhi                  (abs)        0000
___stacklo                  (abs)        0000
__end_of___awdiv            text20       01B2
__end_of___awmod            text19       0269
__end_of___lwdiv            text18       02FB
__end_of___lwmod            text17       0372
__end_of__initialization    cinit        0023
__end_of_config_int         text26       04F1
__end_of_config_io          text25       046B
__end_of_config_reloj       text24       04EE
__end_of_config_rx          text23       04C3
__end_of_config_tx          text22       04E7
__end_of_config_uart        text21       0479
__end_of_divisor            text16       0210
__end_of_i2c_config_master  text15       0435
__end_of_i2c_iddle_mode     text14       0493
__end_of_i2c_read           text13       0408
__end_of_i2c_start          text12       04DF
__end_of_i2c_stop           text11       04D6
__end_of_i2c_write          text10       04CD
__end_of_ini_LCD            text7        02B5
__end_of_isr                text27       045A
__end_of_main               maintext     0149
__end_of_pulse_E            text9        04B7
__end_of_set_Cursor         text5        03EA
__end_of_strlen             text4        0421
__end_of_tx_int             text6        0486
__end_of_w_Char             text3        049F
__end_of_w_Instruction      text8        04AB
__end_of_w_String           text2        039F
__end_of_w_Titulos          text1        0338
__initialization            cinit        000F
__pbssBANK0                 bssBANK0     0068
__pbssCOMMON                bssCOMMON    007A
__pcstackBANK0              cstackBANK0  004C
__pcstackCOMMON             cstackCOMMON 0070
__pdataBANK0                dataBANK0    0020
__pidataBANK0               idataBANK0   039F
__pintentry                 intentry     0004
__pmaintext                 maintext     0027
__pnvBANK0                  nvBANK0      006D
__ptext1                    text1        02FB
__ptext10                   text10       04C3
__ptext11                   text11       04CD
__ptext12                   text12       04D6
__ptext13                   text13       03EA
__ptext14                   text14       0486
__ptext15                   text15       0421
__ptext16                   text16       01B2
__ptext17                   text17       0338
__ptext18                   text18       02B5
__ptext19                   text19       0210
__ptext2                    text2        0372
__ptext20                   text20       0149
__ptext21                   text21       046B
__ptext22                   text22       04DF
__ptext23                   text23       04B7
__ptext24                   text24       04E7
__ptext25                   text25       045A
__ptext26                   text26       04EE
__ptext27                   text27       0448
__ptext3                    text3        0493
__ptext4                    text4        0408
__ptext5                    text5        03CB
__ptext6                    text6        0479
__ptext7                    text7        0269
__ptext8                    text8        049F
__ptext9                    text9        04AB
__size_of___awdiv           (abs)        0000
__size_of___awmod           (abs)        0000
__size_of___lwdiv           (abs)        0000
__size_of___lwmod           (abs)        0000
__size_of_config_int        (abs)        0000
__size_of_config_io         (abs)        0000
__size_of_config_reloj      (abs)        0000
__size_of_config_rx         (abs)        0000
__size_of_config_tx         (abs)        0000
__size_of_config_uart       (abs)        0000
__size_of_divisor           (abs)        0000
__size_of_i2c_config_master (abs)        0000
__size_of_i2c_iddle_mode    (abs)        0000
__size_of_i2c_read          (abs)        0000
__size_of_i2c_start         (abs)        0000
__size_of_i2c_stop          (abs)        0000
__size_of_i2c_write         (abs)        0000
__size_of_ini_LCD           (abs)        0000
__size_of_isr               (abs)        0000
__size_of_main              (abs)        0000
__size_of_pulse_E           (abs)        0000
__size_of_set_Cursor        (abs)        0000
__size_of_strlen            (abs)        0000
__size_of_tx_int            (abs)        0000
__size_of_w_Char            (abs)        0000
__size_of_w_Instruction     (abs)        0000
__size_of_w_String          (abs)        0000
__size_of_w_Titulos         (abs)        0000
_amarillo                   dataBANK0    003A
_color                      nvBANK0      006D
_color_rx                   bssCOMMON    007A
_config_int                 text26       04EE
_config_io                  text25       045A
_config_reloj               text24       04E7
_config_rx                  text23       04B7
_config_tx                  text22       04DF
_config_uart                text21       046B
_divisor                    text16       01B2
_i2c_config_master          text15       0421
_i2c_iddle_mode             text14       0486
_i2c_read                   text13       03EA
_i2c_start                  text12       04D6
_i2c_stop                   text11       04CD
_i2c_write                  text10       04C3
_ini_LCD                    text7        0269
_isr                        text27       0448
_main                       maintext     0027
_pulse_E                    text9        04AB
_rojo                       dataBANK0    0031
_sensor                     bssBANK0     0068
_set_Cursor                 text5        03CB
_strlen                     text4        0408
_tx_int                     text6        0479
_verde                      dataBANK0    0043
_w_Char                     text3        0493
_w_Instruction              text8        049F
_w_String                   text2        0372
_w_Titulos                  text1        02FB
btemp                       (abs)        007E
divisor@aux                 cstackBANK0  0058
divisor@centena             cstackBANK0  0052
divisor@decena              cstackBANK0  0053
divisor@num                 cstackBANK0  0050
divisor@unidad              cstackBANK0  0054
end_of_initialization       cinit        0023
i2c_read@data               cstackCOMMON 0074
i2c_write@data              cstackCOMMON 0073
init_fetch0                 inittext     0435
init_ram0                   inittext     0439
interrupt_function          intentry     0004
intlevel0                   functab      0000
intlevel1                   functab      0000
intlevel2                   functab      0000
intlevel3                   functab      0000
intlevel4                   functab      0000
intlevel5                   functab      0000
reset_vec                   reset_vec    0000
saved_w                     (abs)        007E
set_Cursor@direction        cstackCOMMON 0079
set_Cursor@line             cstackCOMMON 0078
set_Cursor@pos              cstackCOMMON 0075
start                       init         000C
start_initialization        cinit        000F
strlen@cp                   cstackCOMMON 0076
strlen@s                    cstackCOMMON 0077
tx_int@dato                 cstackCOMMON 0074
w_Char@data                 cstackCOMMON 0074
w_Instruction@instruction   cstackCOMMON 0074
w_String@data               cstackBANK0  004D
w_String@i                  cstackBANK0  004C
w_Titulos@F1403             dataBANK0    0020
w_Titulos@title             cstackBANK0  0052
wtemp0                      (abs)        007E


MODULE INFORMATION

Module		Function		Class		Link	Load	Size
UART.c
		_tx_int        		CODE           	0479	0000	13
		_config_rx     		CODE           	04B7	0000	12
		_config_tx     		CODE           	04DF	0000	8
		_config_uart   		CODE           	046B	0000	14

UART.c estimated size: 47

D2_I2C_Master.c
		_main          		CODE           	0027	0000	290
		_isr           		CODE           	0448	0000	18
		_config_io     		CODE           	045A	0000	17
		_config_int    		CODE           	04EE	0000	3
		_divisor       		CODE           	01B2	0000	94
		_config_reloj  		CODE           	04E7	0000	7

D2_I2C_Master.c estimated size: 429

I2C.c
		_i2c_start     		CODE           	04D6	0000	9
		_i2c_iddle_mode		CODE           	0486	0000	13
		_i2c_write     		CODE           	04C3	0000	10
		_i2c_stop      		CODE           	04CD	0000	9
		_i2c_read      		CODE           	03EA	0000	30
		_i2c_config_master		CODE           	0421	0000	20

I2C.c estimated size: 91

C:\Program Files\Microchip\xc8\v2.32\pic\sources\c90\common\strlen.c
		_strlen        		CODE           	0408	0000	25

C:\Program Files\Microchip\xc8\v2.32\pic\sources\c90\common\strlen.c estimated size: 25

C:\Program Files\Microchip\xc8\v2.32\pic\sources\c90\common\lwmod.c
		___lwmod       		CODE           	0338	0000	58

C:\Program Files\Microchip\xc8\v2.32\pic\sources\c90\common\lwmod.c estimated size: 58

C:\Program Files\Microchip\xc8\v2.32\pic\sources\c90\common\awmod.c
		___awmod       		CODE           	0210	0000	89

C:\Program Files\Microchip\xc8\v2.32\pic\sources\c90\common\awmod.c estimated size: 89

shared
		__initialization		CODE           	000F	0000	20

shared estimated size: 20

C:\Program Files\Microchip\xc8\v2.32\pic\sources\c90\common\lwdiv.c
		___lwdiv       		CODE           	02B5	0000	70

C:\Program Files\Microchip\xc8\v2.32\pic\sources\c90\common\lwdiv.c estimated size: 70

C:\Program Files\Microchip\xc8\v2.32\pic\sources\c90\common\awdiv.c
		___awdiv       		CODE           	0149	0000	105

C:\Program Files\Microchip\xc8\v2.32\pic\sources\c90\common\awdiv.c estimated size: 105

LCD.c
		_w_Char        		CODE           	0493	0000	12
		_ini_LCD       		CODE           	0269	0000	76
		_w_Instruction 		CODE           	049F	0000	12
		_w_String      		CODE           	0372	0000	45
		_w_Titulos     		CODE           	02FB	0000	61
		_pulse_E       		CODE           	04AB	0000	12
		_set_Cursor    		CODE           	03CB	0000	31

LCD.c estimated size: 249

